// Jest Snapshot v1, https://goo.gl/fbAQLP

exports[`<App /> should match snapshot 1`] = `
<div
  className="App"
>
  <div
    className="header"
  >
    <h1
      className="heading"
    >
      Nasa Picture Of The Day
    </h1>
    <h3 />
    <div
      className="ui segment"
    >
      <div
        className="ui active transition visible dimmer"
        onClick={[Function]}
      >
        <div
          className="content"
        >
          <div
            className="ui loader"
          />
        </div>
      </div>
    </div>
    <h3 />
  </div>
</div>
`;
